// Jest Snapshot v1, https://goo.gl/fbAQLP

exports[`<DescTab /> 데스크탑 환경에서 성공적으로 렌더링 됩니다 1`] = `
<div>
  <section
    class="sc-bcXHqe jjzluj"
    data-testid="DescTab"
  >
    <h1>
      축제 제목
    </h1>
    <h2>
       
      위치 정보
    </h2>
    <h2>
      <span>
        2024년 01월 01일
      </span>
      <span>
        ~
      </span>
      <span>
        2024년 12월 31일
      </span>
    </h2>
    <p
      class="sc-gswNZR fPbIZH"
    >
      축제 개요
    </p>
    <div
      class="sc-dkrFOg ldklsL"
    >
      <a
        class="sc-eDvSVe gLpoHg"
        href="tel:010-1234-5678"
      >
        <svg>
          phone.svg
        </svg>
        <span>
          010-1234-5678
        </span>
      </a>
      <div
        class="sc-hLBbgP NpIXf"
      >
        <a
          class="sc-eDvSVe gLpoHg"
          href="https://www.google.com"
          rel="noopener noreferrer"
          target="_blank"
        >
          <svg>
            homepage.svg
          </svg>
           
          <span>
            공식 홈페이지
          </span>
        </a>
        <a
          class="sc-eDvSVe gLpoHg"
          href="https://www.instagram.com/ssf"
          rel="noopener noreferrer"
          target="_blank"
        >
          <svg>
            instagram.svg
          </svg>
           
          <span>
            인스타그램 계정
          </span>
        </a>
        <a
          class="sc-eDvSVe gLpoHg"
          href="https://www.youtube.com/sef"
          rel="noopener noreferrer"
          target="_blank"
        >
          <svg>
            youtube.svg
          </svg>
           
          <span>
            유튜브 채널
          </span>
        </a>
      </div>
    </div>
  </section>
</div>
`;
