// Jest Snapshot v1, https://goo.gl/fbAQLP

exports[`<HashTag> 컴포넌트가 성공적으로 렌더링 됩니다. 1`] = `
<div>
  <div
    class="sc-bcXHqe ekAJIk"
  >
    <button
      class="sc-gswNZR gbfhpD"
    >
      #
      tag1
    </button>
    <button
      class="sc-gswNZR gbfhpD"
    >
      #
      tag2
    </button>
    <button
      class="sc-gswNZR gbfhpD"
    >
      #
      tag3
    </button>
  </div>
</div>
`;
